// Jest Snapshot v1, https://goo.gl/fbAQLP

exports[`#views.create should require authentication 1`] = `
Object {
  "error": "authentication_required",
  "message": "Authentication required",
  "ok": false,
  "status": 401,
}
`;

exports[`#views.list should require authentication 1`] = `
Object {
  "error": "authentication_required",
  "message": "Authentication required",
  "ok": false,
  "status": 401,
}
`;
