// Jest Snapshot v1, https://goo.gl/fbAQLP

exports[`Mailer #welcome 1`] = `
Object {
  "attachments": undefined,
  "from": "hello@example.com",
  "html": "
      <!DOCTYPE html PUBLIC \\"-//W3C//DTD XHTML 1.0 Strict//EN\\" \\"http://www.w3.org/TR/xhtml1/DTD/xhtml1-strict.dtd\\">
      <html
        
        dir=\\"ltr\\"
        xmlns=\\"http://www.w3.org/1999/xhtml\\"
        xmlns:v=\\"urn:schemas-microsoft-com:vml\\"
        xmlns:o=\\"urn:schemas-microsoft-com:office:office\\">
        <head>
          <meta http-equiv=\\"Content-Type\\" content=\\"text/html; charset=utf-8\\" />
          <meta http-equiv=\\"X-UA-Compatible\\" content=\\"IE=edge\\" />
          <meta name=\\"viewport\\" content=\\"width=device-width\\"/>

          <title>Welcome to Outline</title>

          <style type=\\"text/css\\">
            #__bodyTable__{font-family:-apple-system,BlinkMacSystemFont,'Segoe UI',Roboto,Oxygen,Ubuntu,Cantarell,'Open Sans','Helvetica Neue',sans-serif;font-size:16px;line-height:1.5}

            #__bodyTable__ {
              margin: 0;
              padding: 0;
              width: 100% !important;
            }
          </style>

          <!--[if gte mso 9]>
            <xml>
              <o:OfficeDocumentSettings>
                <o:AllowPNG/>
                <o:PixelsPerInch>96</o:PixelsPerInch>
              </o:OfficeDocumentSettings>
            </xml>
          <![endif]-->
        </head>
        <body bgcolor=\\"#FFFFFF\\" width=\\"100%\\" style=\\"-webkit-font-smoothing: antialiased; width:100% !important; background:#FFFFFF;-webkit-text-size-adjust:none; margin:0; padding:0; min-width:100%; direction: ltr;\\">
          <table bgcolor=\\"#FFFFFF\\" id=\\"__bodyTable__\\" width=\\"100%\\" style=\\"-webkit-font-smoothing: antialiased; width:100% !important; background:#FFFFFF;-webkit-text-size-adjust:none; margin:0; padding:0; min-width:100%\\">
            <tr>
              <td align=\\"center\\">
                <span style=\\"display: none !important; color: #FFFFFF; margin:0; padding:0; font-size:1px; line-height:1px;\\">Outline is a place for your team to build and share knowledge.</span>
                <table width=\\"550\\" padding=\\"40\\" border=\\"0\\" cellSpacing=\\"0\\" cellPadding=\\"0\\"><tbody><tr><td align=\\"left\\"><table width=\\"100%\\" border=\\"0\\" cellSpacing=\\"0\\" cellPadding=\\"0\\"><tbody><tr><td><table width=\\"100%\\" border=\\"0\\" cellSpacing=\\"0\\" cellPadding=\\"0\\"><tbody><tr><td width=\\"100%\\" height=\\"40px\\" style=\\"line-height:40px;font-size:1px;mso-line-height-rule:exactly\\">&nbsp;</td></tr></tbody></table><img alt=\\"Outline\\" src=\\"http://localhost:3000/email/header-logo.png\\" height=\\"48\\" width=\\"48\\"/></td></tr></tbody></table><table width=\\"100%\\" border=\\"0\\" cellSpacing=\\"0\\" cellPadding=\\"0\\"><tbody><tr><td><table width=\\"100%\\" border=\\"0\\" cellSpacing=\\"0\\" cellPadding=\\"0\\"><tbody><tr><td width=\\"100%\\" height=\\"10px\\" style=\\"line-height:10px;font-size:1px;mso-line-height-rule:exactly\\">&nbsp;</td></tr></tbody></table><p><span style=\\"font-weight:500;font-size:18px\\">Welcome to Outline!</span></p><p>Outline is a place for your team to build and share knowledge.</p><p>To get started, head to your dashboard and try creating a collection to help document your workflow, create playbooks or help with team onboarding.</p><p>You can also import existing Markdown documents by dragging and dropping them to your collections.</p><table width=\\"100%\\" border=\\"0\\" cellSpacing=\\"0\\" cellPadding=\\"0\\"><tbody><tr><td width=\\"100%\\" height=\\"10px\\" style=\\"line-height:10px;font-size:1px;mso-line-height-rule:exactly\\">&nbsp;</td></tr></tbody></table><p><a href=\\"http://example.com/home\\" style=\\"display:inline-block;padding:10px 20px;color:#FFFFFF;background:#000000;border-radius:4px;font-weight:500;text-decoration:none;cursor:pointer\\">View my dashboard</a></p><table width=\\"100%\\" border=\\"0\\" cellSpacing=\\"0\\" cellPadding=\\"0\\"><tbody><tr><td width=\\"100%\\" height=\\"40px\\" style=\\"line-height:40px;font-size:1px;mso-line-height-rule:exactly\\">&nbsp;</td></tr></tbody></table></td></tr></tbody></table><table width=\\"100%\\" border=\\"0\\" cellSpacing=\\"0\\" cellPadding=\\"0\\"><tbody><tr><td style=\\"padding:20px 0;border-top:1px solid #E8EBED;color:#9BA6B2;font-size:14px\\"><a href=\\"http://localhost:3000\\" style=\\"color:#9BA6B2;font-weight:500;text-decoration:none;margin-right:10px\\">Outline</a><a href=\\"https://twitter.com/outlinewiki\\" style=\\"color:#9BA6B2;text-decoration:none;margin:0 10px\\">Twitter</a></td></tr></tbody></table></td></tr></tbody></table>
              </td>
            </tr>
          </table>
        </body>
      </html>
    ",
  "replyTo": "hello@example.com",
  "subject": "Welcome to Outline",
  "text": "
Welcome to Outline!

Outline is a place for your team to build and share knowledge.

To get started, head to your dashboard and try creating a collection to help document your workflow, create playbooks or help with team onboarding.

You can also import existing Markdown documents by dragging and dropping them to your collections.

http://example.com/home
",
  "to": "user@example.com",
}
`;
