// Jest Snapshot v1, https://goo.gl/fbAQLP

exports[`presents a user 1`] = `
Object {
  "avatarUrl": undefined,
  "createdAt": undefined,
  "id": "123",
  "isAdmin": undefined,
  "isSuspended": undefined,
  "language": "en_US",
  "lastActiveAt": undefined,
  "name": "Test User",
}
`;

exports[`presents a user without slack data 1`] = `
Object {
  "avatarUrl": undefined,
  "createdAt": undefined,
  "id": "123",
  "isAdmin": undefined,
  "isSuspended": undefined,
  "language": "en_US",
  "lastActiveAt": undefined,
  "name": "Test User",
}
`;
